// Jest Snapshot v1, https://goo.gl/fbAQLP

exports[`Home should display Home 1`] = `
<div>
  <h1
    className="home-title"
  >
    Players
  </h1>
  <div
    className="container"
  >
    <div
      className="cards"
    >
      <div
        className="card"
      >
        <div
          className="card-header"
        >
          <div
            className="card-left"
          >
            <img
              alt="Stan Wawrinka"
              className="card-img"
              src="https://i.eurosport.com/_iss_/person/pp_clubteam/large/325225.jpg"
            />
          </div>
          <div
            className="card-right"
          >
            <p
              className="card-text"
            >
              <span
                className="card-span"
              >
                Prenom:
              </span>
               
              Stan
            </p>
            <p
              className="card-text"
            >
              <span
                className="card-span"
              >
                Nom:
              </span>
               
              Wawrinka
            </p>
            <p
              className="card-text"
            >
              <span
                className="card-span"
              >
                Shortname:
              </span>
               
              S.WAW
            </p>
            <p
              className="card-text"
            >
              <span
                className="card-span"
              >
                Age:
              </span>
               
              33
            </p>
            <p
              className="card-text"
            >
              <span
                className="card-span"
              >
                Sexe:
              </span>
               
              MAN
            </p>
            <p
              className="card-text"
            >
              <span
                className="card-span"
              >
                Country:
              </span>
               
              SUI
            </p>
            <img
              alt="SUI"
              className="card-country-img"
              src="https://i.eurosport.com/_iss_/geo/country/flag/large/2213.png"
            />
          </div>
        </div>
        <div
          className="card-content"
        >
          <h1
            className="card-title"
          >
            Statistiques
          </h1>
          <p
            className="card-text"
          >
            <span
              className="card-span"
            >
              Height:
            </span>
             
            183
            m
          </p>
          <p
            className="card-text"
          >
            <span
              className="card-span"
            >
              Weight:
            </span>
             
            81
            Kg
          </p>
          <p
            className="card-text"
          >
            <span
              className="card-span"
            >
              Points:
            </span>
             
            1784
          </p>
          <p
            className="card-text"
          >
            <span
              className="card-span"
            >
              Rank:
            </span>
             
            21
          </p>
        </div>
        <div
          className="card-annexe"
        >
          <h1
            className="card-title"
          >
            Wins/Loses
          </h1>
          <div
            className="totalWinsLoses"
          >
            <p
              className="card-text"
            >
              Total Wins: 
              <span
                className="card-span totalWinsLosesValue"
              >
                0
              </span>
            </p>
            <p
              className="card-text"
            >
              Total Loses: 
              <span
                className="card-span totalWinsLosesValue"
              >
                0
              </span>
            </p>
          </div>
          <div
            className="last"
          >
            <span
              className="dot-win"
            />
            <span
              className="dot-win"
            />
            <span
              className="dot-win"
            />
            <span
              className="dot-lose"
            />
            <span
              className="dot-win"
            />
          </div>
        </div>
      </div>
      <div
        className="card"
      >
        <div
          className="card-header"
        >
          <div
            className="card-left"
          >
            <img
              alt="Rafael Nadal"
              className="card-img"
              src="https://i.eurosport.com/_iss_/person/pp_clubteam/large/435121.jpg"
            />
          </div>
          <div
            className="card-right"
          >
            <p
              className="card-text"
            >
              <span
                className="card-span"
              >
                Prenom:
              </span>
               
              Rafael
            </p>
            <p
              className="card-text"
            >
              <span
                className="card-span"
              >
                Nom:
              </span>
               
              Nadal
            </p>
            <p
              className="card-text"
            >
              <span
                className="card-span"
              >
                Shortname:
              </span>
               
              R.NAD
            </p>
            <p
              className="card-text"
            >
              <span
                className="card-span"
              >
                Age:
              </span>
               
              33
            </p>
            <p
              className="card-text"
            >
              <span
                className="card-span"
              >
                Sexe:
              </span>
               
              MAN
            </p>
            <p
              className="card-text"
            >
              <span
                className="card-span"
              >
                Country:
              </span>
               
              ESP
            </p>
            <img
              alt="ESP"
              className="card-country-img"
              src="https://i.eurosport.com/_iss_/geo/country/flag/large/2203.png"
            />
          </div>
        </div>
        <div
          className="card-content"
        >
          <h1
            className="card-title"
          >
            Statistiques
          </h1>
          <p
            className="card-text"
          >
            <span
              className="card-span"
            >
              Height:
            </span>
             
            185
            m
          </p>
          <p
            className="card-text"
          >
            <span
              className="card-span"
            >
              Weight:
            </span>
             
            85
            Kg
          </p>
          <p
            className="card-text"
          >
            <span
              className="card-span"
            >
              Points:
            </span>
             
            1982
          </p>
          <p
            className="card-text"
          >
            <span
              className="card-span"
            >
              Rank:
            </span>
             
            1
          </p>
        </div>
        <div
          className="card-annexe"
        >
          <h1
            className="card-title"
          >
            Wins/Loses
          </h1>
          <div
            className="totalWinsLoses"
          >
            <p
              className="card-text"
            >
              Total Wins: 
              <span
                className="card-span totalWinsLosesValue"
              >
                0
              </span>
            </p>
            <p
              className="card-text"
            >
              Total Loses: 
              <span
                className="card-span totalWinsLosesValue"
              >
                0
              </span>
            </p>
          </div>
          <div
            className="last"
          >
            <span
              className="dot-win"
            />
            <span
              className="dot-lose"
            />
            <span
              className="dot-lose"
            />
            <span
              className="dot-lose"
            />
            <span
              className="dot-win"
            />
          </div>
        </div>
      </div>
    </div>
  </div>
</div>
`;
